12/4/2019 2:38:59 PM	This log contains information about the import schema operation into project 'FBSConsolaCBBaseDatos' on computer 'DESKTOP-8AT3FT0' by user 'alfre'.
12/4/2019 2:38:59 PM	Import of database schema has started.
12/4/2019 2:38:59 PM	An error occurred while attempting to reverse engineer elements of type Microsoft.Data.Tools.Schema.Sql.SchemaModel.SqlDatabaseCredential: Batch Command during reverse engineer failed with Error Code: -2146232060 Line Number: 63 Error Message: Incorrect syntax near 'HINT'.
Incorrect syntax near 'HINT'.
Incorrect syntax near 'HINT'.
Incorrect syntax near 'HINT'.
Incorrect syntax near 'HINT'.
Incorrect syntax near 'HINT'.
Incorrect syntax near 'HINT'.
Incorrect syntax near 'HINT'.
Incorrect syntax near 'HINT'.
Incorrect syntax near 'HINT'.
Incorrect syntax near 'HINT'.
Incorrect syntax near 'HINT'.
Incorrect syntax near 'HINT'.
Incorrect syntax near 'HINT'.
Incorrect syntax near 'HINT'.
Incorrect syntax near 'HINT'.
Incorrect syntax near 'HINT'.
Incorrect syntax near 'HINT'.
Incorrect syntax near 'HINT'.
Incorrect syntax near 'HINT'.
Incorrect syntax near 'HINT'.
Incorrect syntax near 'HINT'.
Incorrect syntax near 'HINT'.
Incorrect syntax near 'HINT'.
Incorrect syntax near 'HINT'.
Incorrect syntax near 'HINT'.
Incorrect syntax near 'HINT'.
Incorrect syntax near 'HINT'.
Incorrect syntax near 'HINT'.
Incorrect syntax near 'HINT'.
Incorrect syntax near 'HINT'.
Incorrect syntax near 'HINT'.
Incorrect syntax near 'HINT'.
Incorrect syntax near 'HINT'.
Incorrect syntax near 'HINT'.
Incorrect syntax near 'HINT'.
Incorrect syntax near 'HINT'.
Incorrect syntax near 'HINT'.
Incorrect syntax near 'HINT'.
Incorrect syntax near 'HINT'.
Incorrect syntax near 'HINT'.
Incorrect syntax near 'HINT'.
Incorrect syntax near 'HINT'.
Incorrect syntax near 'HINT'.
Incorrect syntax near 'HINT'.
Incorrect syntax near 'HINT'.
Incorrect syntax near 'HINT'.
Incorrect syntax near 'HINT'.
Incorrect syntax near 'HINT'.
Incorrect syntax near 'HINT'.
Incorrect syntax near 'HINT'.
Incorrect syntax near 'HINT'.
Incorrect syntax near 'HINT'.
Incorrect syntax near 'HINT'.
Incorrect syntax near 'HINT'.
Incorrect syntax near 'HINT'.
Incorrect syntax near 'HINT'.
Incorrect syntax near 'HINT'.
Incorrect syntax near 'HINT'.
Incorrect syntax near 'HINT'.
Incorrect syntax near 'HINT'.
Incorrect syntax near 'HINT'.
Incorrect syntax near 'HINT'.
Incorrect syntax near 'HINT'.
Incorrect syntax near 'HINT'.
Incorrect syntax near 'HINT'.
Incorrect syntax near 'HINT'.
Incorrect syntax near 'HINT'.
Incorrect syntax near 'HINT'.
Incorrect syntax near 'HINT'.
Incorrect syntax near 'HINT'.
Incorrect syntax near 'HINT'.
Incorrect syntax near 'HINT'.
Incorrect syntax near 'HINT'.
Incorrect syntax near 'HINT'.
Incorrect syntax near 'HINT'.
Incorrect syntax near 'HINT'.
Incorrect syntax near 'HINT'.
Incorrect syntax near 'HINT'.
Incorrect syntax near 'HINT'.
Incorrect syntax near 'HINT'.
Incorrect syntax near 'HINT'.
Incorrect syntax near 'HINT'.
Incorrect syntax near 'HINT'.
Incorrect syntax near 'HINT'.
Incorrect syntax near 'HINT'.
Incorrect syntax near 'HINT'.
Incorrect syntax near 'HINT'.
Incorrect syntax near 'HINT'.
Incorrect syntax near 'HINT'.
Incorrect syntax near 'HINT'.
Incorrect syntax near 'HINT'.
Incorrect syntax near 'HINT'.
Incorrect syntax near 'HINT'.
Incorrect syntax near 'HINT'.
Incorrect syntax near 'HINT'.
Incorrect syntax near 'HINT'.
Incorrect syntax near 'HINT'.
Incorrect syntax near 'HINT'.
Incorrect syntax near 'HINT'.
Incorrect syntax near 'HINT'.
Incorrect syntax near 'HINT'..
12/4/2019 2:38:59 PM	Finished importing database.
12/4/2019 2:38:59 PM	A summary of the import was saved to the following location: C:\Users\alfre\Work\Sifizsoft\FBSConsolaCBWebApi\FBSConsolaCBBaseDatos\Import Schema Logs\FBSConsolaCBBaseDato_20191204073859.log
12/4/2019 2:38:59 PM	Click Finish to continue...
